{
  "approved_at_utc": null,
  "subreddit": "stocks",
  "selftext": "* People have been paying crazy prices on homes because of low rates\n* Now that rates are going up, no one is going to be able to purchase those homes (if you live in the house for a long time and do not lose your job, it might not affect you)\n* With rates and prices going up, people will spend less\n* When people spend less, companies downsize/go under\n* When people are laid off, they can’t pay their debt.  Many will lose those high priced homes and will not be able to sell them.\n* They will also be forced to pull out of investments (at a loss), sending the stock market spiraling down.",
  "author_fullname": "t2_qqu4j",
  "saved": false,
  "mod_reason_title": null,
  "gilded": 0,
  "clicked": false,
  "title": "Is this recession going to be worse than expected?",
  "link_flair_richtext": [],
  "subreddit_name_prefixed": "r/stocks",
  "hidden": false,
  "pwls": 6,
  "link_flair_css_class": "question",
  "downs": 0,
  "top_awarded_type": null,
  "hide_score": false,
  "name": "t3_uurf0j",
  "quarantine": false,
  "link_flair_text_color": "light",
  "upvote_ratio": 0.76,
  "author_flair_background_color": null,
  "subreddit_type": "public",
  "ups": 43,
  "total_awards_received": 0,
  "media_embed": {},
  "author_flair_template_id": null,
  "is_original_content": false,
  "user_reports": [],
  "secure_media": null,
  "is_reddit_media_domain": false,
  "is_meta": false,
  "category": null,
  "secure_media_embed": {},
  "link_flair_text": "Industry Question",
  "can_mod_post": false,
  "score": 43,
  "approved_by": null,
  "is_created_from_ads_ui": false,
  "author_premium": false,
  "thumbnail": "",
  "edited": false,
  "author_flair_css_class": null,
  "author_flair_richtext": [],
  "gildings": {},
  "content_categories": null,
  "is_self": true,
  "mod_note": null,
  "created": 1653152901,
  "link_flair_type": "text",
  "wls": 6,
  "removed_by_category": null,
  "banned_by": null,
  "author_flair_type": "text",
  "domain": "self.stocks",
  "allow_live_comments": false,
  "selftext_html": "&lt;!-- SC_OFF --&gt;&lt;div class=\"md\"&gt;&lt;ul&gt;\n&lt;li&gt;People have been paying crazy prices on homes because of low rates&lt;/li&gt;\n&lt;li&gt;Now that rates are going up, no one is going to be able to purchase those homes (if you live in the house for a long time and do not lose your job, it might not affect you)&lt;/li&gt;\n&lt;li&gt;With rates and prices going up, people will spend less&lt;/li&gt;\n&lt;li&gt;When people spend less, companies downsize/go under&lt;/li&gt;\n&lt;li&gt;When people are laid off, they can’t pay their debt.  Many will lose those high priced homes and will not be able to sell them.&lt;/li&gt;\n&lt;li&gt;They will also be forced to pull out of investments (at a loss), sending the stock market spiraling down.&lt;/li&gt;\n&lt;/ul&gt;\n&lt;/div&gt;&lt;!-- SC_ON --&gt;",
  "likes": null,
  "suggested_sort": "confidence",
  "banned_at_utc": null,
  "view_count": null,
  "archived": false,
  "no_follow": false,
  "is_crosspostable": false,
  "pinned": false,
  "over_18": false,
  "awarders": [],
  "media_only": false,
  "link_flair_template_id": "8f98f5d6-65e6-11e5-a4a5-125ee764bc01",
  "can_gild": false,
  "spoiler": false,
  "locked": false,
  "author_flair_text": null,
  "treatment_tags": [],
  "visited": false,
  "removed_by": null,
  "num_reports": null,
  "distinguished": null,
  "subreddit_id": "t5_2qjfk",
  "author_is_blocked": false,
  "mod_reason_by": null,
  "removal_reason": null,
  "link_flair_background_color": "#1e6ff5",
  "id": "uurf0j",
  "is_robot_indexable": true,
  "report_reasons": null,
  "author": "USADave85",
  "discussion_type": null,
  "num_comments": 110,
  "send_replies": true,
  "whitelist_status": "all_ads",
  "contest_mode": false,
  "mod_reports": [],
  "author_patreon_flair": false,
  "author_flair_text_color": null,
  "permalink": "/r/stocks/comments/uurf0j/is_this_recession_going_to_be_worse_than_expected/",
  "parent_whitelist_status": "all_ads",
  "stickied": false,
  "url": "https://www.reddit.com/r/stocks/comments/uurf0j/is_this_recession_going_to_be_worse_than_expected/",
  "subreddit_subscribers": 4078176,
  "created_utc": 1653167938,
  "num_crossposts": 0,
  "media": null,
  "is_video": false,
  "original_created_utc": 1653152901,
  "the_new_excerpt": " * People have been paying crazy prices on homes because of low rates\n * Now that rates are going up, no one is going to be able to purchase those\n   homes (if you live in the house for a long time and do not lose your job, it\n   might not affect you)\n * With rates and prices going up, people will…"
}