{
  "author": "polloponzi",
  "the_new_excerpt": "This is an amazing article:\nhttps://www.personalfinanceclub.com/how-to-perfectly-time-the-market/ please\ncheck it.\n\nThe summary is:\n\n 1. Investing money on the market constantly without caring about when it will\n    be the next correction/dip beats any strategy.\n 2. Investing money just the day…",
  "original_created_utc": 1613569537,
  "localize": [
    {
      "locale": "zh",
      "the_new_excerpt": "这是一篇了不起的文章。\nhttps://www.personalfinanceclub.com/how-to-perfectly-time-the-market/，请\n检查一下。\n\n摘要是：\n\n 1. 把钱不断地投资在市场上，而不关心什么时候会被\n    是下一个修正/跌幅胜过任何策略。\n 2. 投资资金只是一天...",
      "title": "如何完美地把握市场时机，以及 \"我将等待下一次市场调整 \"或 \"我将买入跌停板 \"策略的预期收益。"
    },
    {
      "locale": "zh-Hant",
      "the_new_excerpt": "這是一篇了不起的文章。\nhttps://www.personalfinanceclub.com/how-to-perfectly-time-the-market/，請\n檢查一下。\n\n摘要是：\n\n 1. 把錢不斷地投資在市場上，而不關心什麼時候會被\n    是下一個修正/跌幅勝過任何策略。\n 2. 投資資金只是一天...",
      "title": "如何完美地把握市場時機，以及 \"我將等待下一次市場調整 \"或 \"我將買入跌停板 \"策略的預期收益。"
    }
  ],
  "title": "How to Perfectly Time The Market and expected returns of the \"I will wait for the next market correction\" or \"I will buy the dip\" strategy.",
  "created_utc": 1613583429,
  "selftext_html": "<!-- SC_OFF --><div class=\"md\"><p>This is an amazing article: <a href=\"https://www.personalfinanceclub.com/how-to-perfectly-time-the-market/\">https://www.personalfinanceclub.com/how-to-perfectly-time-the-market/</a> please check it.</p>\n\n<p>The summary is:</p>\n\n<ol>\n<li>Investing money on the market constantly without caring about when it will be the next correction/dip beats any strategy.</li>\n<li>Investing money just the day before the &quot;crash&quot; and holding beats no investing.</li>\n<li>Timing the bottom and <strong>buying the dip</strong> <strong>is a worse strategy than 1.</strong> Also the strategy commented there of investing at the bottom is not possible in practice, because it is not possible to perfectly time the bottom. For a more realistic simulation of trying to predict the bottom see <a href=\"https://www.reddit.com/r/eupersonalfinance/comments/llrv8i/expected_returns_of_the_i_will_wait_for_the_next/\">this other post</a></li>\n</ol>\n</div><!-- SC_ON -->",
  "score": 86,
  "permalink": "/r/stocks/comments/llut6h/how_to_perfectly_time_the_market_and_expected/",
  "subreddit": "stocks",
  "id": "llut6h",
  "is_self": true,
  "media": null,
  "is_video": false,
  "source_updated_at": 1613728625105
}