{
  "author": "SrGrafo",
  "original_created_utc": 1639421596,
  "title": "I don't know what I expected..",
  "created_utc": 1639464572,
  "selftext_html": null,
  "score": 75422,
  "preview": {
    "images": [
      {
        "source": {
          "url": "https://preview.redd.it/ar6wustkwc581.jpg?auto=webp&amp;s=ed885447ec7cab1fe354b71713b508dcc5818471",
          "width": 800,
          "height": 800
        },
        "resolutions": [
          {
            "url": "https://preview.redd.it/ar6wustkwc581.jpg?width=108&amp;crop=smart&amp;auto=webp&amp;s=0042c824d19fd1e214e475568c01c9cf1842a75f",
            "width": 108,
            "height": 108
          },
          {
            "url": "https://preview.redd.it/ar6wustkwc581.jpg?width=216&amp;crop=smart&amp;auto=webp&amp;s=141665b5e9bedd28233bfffe17899de3d225c7a5",
            "width": 216,
            "height": 216
          },
          {
            "url": "https://preview.redd.it/ar6wustkwc581.jpg?width=320&amp;crop=smart&amp;auto=webp&amp;s=92b0a2ad80679804953d524ff417dfaa4f7ba501",
            "width": 320,
            "height": 320
          },
          {
            "url": "https://preview.redd.it/ar6wustkwc581.jpg?width=640&amp;crop=smart&amp;auto=webp&amp;s=da09f761819f5095c9196eca0bdfbc7d5b4a313f",
            "width": 640,
            "height": 640
          }
        ],
        "variants": {},
        "id": "epAFvVt9sHAyf-XjKIt-3I0Tt0i12YEhGUxvSOOb_wk"
      }
    ],
    "enabled": true
  },
  "permalink": "/r/gaming/comments/rfn0xc/i_dont_know_what_i_expected/",
  "subreddit": "gaming",
  "id": "rfn0xc",
  "is_self": false,
  "media": null,
  "is_video": false,
  "the_new_excerpt": "",
  "localize": [
    {
      "locale": "ja",
      "title": "私は何を期待していたのかわからない。"
    },
    {
      "locale": "zh",
      "title": "我不知道我期待什么。"
    },
    {
      "locale": "zh-Hant",
      "title": "我不知道我期待什麼。"
    }
  ]
}