{
  "author": "GhostintheCircuit0",
  "original_created_utc": 1640312609,
  "title": "What fad lasted longer than most people expected?",
  "created_utc": 1640340608,
  "selftext_html": null,
  "score": 1050,
  "permalink": "/r/AskReddit/comments/rnboxk/what_fad_lasted_longer_than_most_people_expected/",
  "subreddit": "AskReddit",
  "id": "rnboxk",
  "is_self": true,
  "media": null,
  "is_video": false,
  "the_new_excerpt": "",
  "localize": [
    {
      "locale": "ja",
      "title": "多くの人が予想した以上に長く続いた流行は何だったのか？"
    },
    {
      "locale": "zh",
      "title": "什么风潮的持续时间超过了大多数人的预期？"
    },
    {
      "locale": "zh-Hant",
      "title": "什麼風潮的持續時間超過了大多數人的預期？"
    }
  ]
}