{
  "author": "simplelifestyle",
  "original_created_utc": 1639144620,
  "title": "U.S. consumer prices rose even more than expected in November. Prices rose 6.8%, the fastest annual increase since 1982. (TL;DR: Fed can't stop Brrrrrrrr...).",
  "created_utc": 1639161679,
  "selftext_html": null,
  "score": 198,
  "preview": {
    "images": [
      {
        "source": {
          "url": "https://external-preview.redd.it/_sishHu7PI1vkzHee_UgXMdPBo88KU7Z525fyGSIwGU.jpg?auto=webp&amp;s=ad84033fa1f913d41cdf3fd0c0a26f7dd1f3b5e7",
          "width": 1280,
          "height": 640
        },
        "resolutions": [
          {
            "url": "https://external-preview.redd.it/_sishHu7PI1vkzHee_UgXMdPBo88KU7Z525fyGSIwGU.jpg?width=108&amp;crop=smart&amp;auto=webp&amp;s=ef5c9586f933613dd63ef511b880cc7c98d36933",
            "width": 108,
            "height": 54
          },
          {
            "url": "https://external-preview.redd.it/_sishHu7PI1vkzHee_UgXMdPBo88KU7Z525fyGSIwGU.jpg?width=216&amp;crop=smart&amp;auto=webp&amp;s=269026920731cecdaa2e331de6d8589f55f658b4",
            "width": 216,
            "height": 108
          },
          {
            "url": "https://external-preview.redd.it/_sishHu7PI1vkzHee_UgXMdPBo88KU7Z525fyGSIwGU.jpg?width=320&amp;crop=smart&amp;auto=webp&amp;s=ec6e077b39de5949f1e12b0e1e1d6cbcc206520f",
            "width": 320,
            "height": 160
          },
          {
            "url": "https://external-preview.redd.it/_sishHu7PI1vkzHee_UgXMdPBo88KU7Z525fyGSIwGU.jpg?width=640&amp;crop=smart&amp;auto=webp&amp;s=26a8730a982970f2c0b6d18a7c94cb71f09a7e4e",
            "width": 640,
            "height": 320
          },
          {
            "url": "https://external-preview.redd.it/_sishHu7PI1vkzHee_UgXMdPBo88KU7Z525fyGSIwGU.jpg?width=960&amp;crop=smart&amp;auto=webp&amp;s=1c18e95951f8d753ed6ecbdf81a322899d56db85",
            "width": 960,
            "height": 480
          },
          {
            "url": "https://external-preview.redd.it/_sishHu7PI1vkzHee_UgXMdPBo88KU7Z525fyGSIwGU.jpg?width=1080&amp;crop=smart&amp;auto=webp&amp;s=c26dc915998a9aa573ad5a72f1ab4a7c8d373b50",
            "width": 1080,
            "height": 540
          }
        ],
        "variants": {},
        "id": "ztnU6be0uHLtkfm6e3R74EXhTjR3LcYKroIrh-2UjCI"
      }
    ],
    "enabled": false
  },
  "permalink": "/r/Bitcoin/comments/rd97bb/us_consumer_prices_rose_even_more_than_expected/",
  "subreddit": "Bitcoin",
  "id": "rd97bb",
  "is_self": false,
  "media": null,
  "is_video": false,
  "the_new_excerpt": "",
  "localize": [
    {
      "locale": "ja",
      "title": "米国の11月の消費者物価は、予想を上回る上昇を示しました。6.8%の上昇で、1982年以来最も早い上昇率となりました。(TL;DR: Fed can't stop Brrrrrr...）。"
    },
    {
      "locale": "zh",
      "title": "美国11月的消费者价格上涨甚至超过了预期。价格上涨了6.8%，是1982年以来最快的年度增长。(TL;DR: Fed can't stop Brrrrrrr...)。"
    },
    {
      "locale": "zh-Hant",
      "title": "美國11月的消費者價格上漲甚至超過了預期。價格上漲了6.8%，是1982年以來最快的年度增長。(TL;DR: Fed can't stop Brrrrrrr...)。"
    }
  ]
}