{
  "author": "juntawflo",
  "original_created_utc": 1627079047,
  "title": "Rand Paul Town Hall didn't go as expected",
  "created_utc": 1627131215,
  "selftext_html": null,
  "score": 75236,
  "preview": {
    "images": [
      {
        "source": {
          "url": "https://external-preview.redd.it/dWoE6RXV5HYJwJBJ6yGNPis3uUwXPLod25muZmjmpFs.png?format=pjpg&auto=webp&s=83b1ea99ceaa0c30fe2e98b778bc594c10a04a6e",
          "width": 750,
          "height": 502
        },
        "resolutions": [
          {
            "url": "https://external-preview.redd.it/dWoE6RXV5HYJwJBJ6yGNPis3uUwXPLod25muZmjmpFs.png?width=108&crop=smart&format=pjpg&auto=webp&s=2a32ee8ced9b9c820f78529c2ad70cab07b14016",
            "width": 108,
            "height": 72
          },
          {
            "url": "https://external-preview.redd.it/dWoE6RXV5HYJwJBJ6yGNPis3uUwXPLod25muZmjmpFs.png?width=216&crop=smart&format=pjpg&auto=webp&s=227e8c3839873fb0c9206ca1b51d3bc7ac333deb",
            "width": 216,
            "height": 144
          },
          {
            "url": "https://external-preview.redd.it/dWoE6RXV5HYJwJBJ6yGNPis3uUwXPLod25muZmjmpFs.png?width=320&crop=smart&format=pjpg&auto=webp&s=dbb6d0c0cf39c76e5b4173183b620a5d9abd96c2",
            "width": 320,
            "height": 214
          },
          {
            "url": "https://external-preview.redd.it/dWoE6RXV5HYJwJBJ6yGNPis3uUwXPLod25muZmjmpFs.png?width=640&crop=smart&format=pjpg&auto=webp&s=45e078622d45515d2a25b6154b8e6e4b1ee725d4",
            "width": 640,
            "height": 428
          }
        ],
        "variants": {},
        "id": "pMMXoHxPHbS82IH6SNCc6wPiiDyT-73NeMmiCQQGKkM"
      }
    ],
    "enabled": false
  },
  "permalink": "/r/PublicFreakout/comments/oqd15k/rand_paul_town_hall_didnt_go_as_expected/",
  "subreddit": "PublicFreakout",
  "id": "oqd15k",
  "is_self": false,
  "media": {
    "reddit_video": {
      "bitrate_kbps": 1200,
      "fallback_url": "https://v.redd.it/3gc2e42uf1d71/DASH_480.mp4?source=fallback",
      "height": 480,
      "width": 717,
      "scrubber_media_url": "https://v.redd.it/3gc2e42uf1d71/DASH_96.mp4",
      "dash_url": "https://v.redd.it/3gc2e42uf1d71/DASHPlaylist.mpd?a=1629723215%2CODFlMjRkMTlkODgxNmMwYTBjMDY4NDMyNjUzZDA0ODZkZmE1Y2ViNTU5YTA3ZDk5YTE0ZGI0M2M4ZmI2YzRmOA%3D%3D&v=1&f=sd",
      "duration": 25,
      "hls_url": "https://v.redd.it/3gc2e42uf1d71/HLSPlaylist.m3u8?a=1629723215%2CZWVlZmE2NDgyNjZjMDc5ZWYwZjc5MjVlYmJlZDk2YzE5MjE4MWVjNWY5NmI2MjU1NDk3Y2IyYzRhMzllMmY4Mg%3D%3D&v=1&f=sd",
      "is_gif": false,
      "transcoding_status": "completed"
    }
  },
  "is_video": true,
  "the_new_excerpt": "",
  "localize": [
    {
      "locale": "ja",
      "title": "ランド・ポールのタウンホールは期待通りにはいきませんでした。"
    },
    {
      "locale": "zh",
      "title": "兰德-保罗市政厅没有如期进行"
    },
    {
      "locale": "zh-Hant",
      "title": "蘭德-保羅市政廳沒有如期進行"
    }
  ]
}