{
  "approved_at_utc": null,
  "subreddit": "investing",
  "selftext": "&amp;#x200B;\n\n[https://www.cnbc.com/2022/07/13/inflation-rose-9point1percent-in-june-even-more-than-expected-as-price-pressures-intensify.html](https://www.cnbc.com/2022/07/13/inflation-rose-9point1percent-in-june-even-more-than-expected-as-price-pressures-intensify.html)\n\n The consumer price index for June was expected to rise 8.8% from a year ago, according to Dow Jones estimates. \n\n \n\nShoppers paid sharply higher prices for a variety of goods in June as  inflation kept its hold on a slowing U.S. economy, the Bureau of Labor  Statistics reported Wednesday.\n\nThe consumer price index, a broad  measure of everyday goods and services, soared 9.1% from a year ago,  above the 8.8% Dow Jones estimate. That marked another month of the  fastest pace for inflation going back to December 1981.\n\nExcluding volatile food and energy prices, so-called core CPI increased 5.9%, compared to the 5.5% estimate.\n\nOn a monthly basis, headline CPI rose 1.3% and core CPI was up 0.7%, compared to respective estimates of 1.1% and 0.5%.",
  "author_fullname": "t2_bhpqn8y2",
  "saved": false,
  "mod_reason_title": null,
  "gilded": 0,
  "clicked": false,
  "title": "Inflation rose 9.1% in June, even more than expected, as price pressures intensify",
  "link_flair_richtext": [],
  "subreddit_name_prefixed": "r/investing",
  "hidden": false,
  "pwls": 6,
  "link_flair_css_class": null,
  "downs": 0,
  "top_awarded_type": null,
  "hide_score": true,
  "name": "t3_vy25lq",
  "quarantine": false,
  "link_flair_text_color": "dark",
  "upvote_ratio": 0.97,
  "author_flair_background_color": null,
  "subreddit_type": "public",
  "ups": 296,
  "total_awards_received": 0,
  "media_embed": {},
  "author_flair_template_id": null,
  "is_original_content": false,
  "user_reports": [],
  "secure_media": null,
  "is_reddit_media_domain": false,
  "is_meta": false,
  "category": null,
  "secure_media_embed": {},
  "link_flair_text": null,
  "can_mod_post": false,
  "score": 296,
  "approved_by": null,
  "is_created_from_ads_ui": false,
  "author_premium": true,
  "thumbnail": "",
  "edited": false,
  "author_flair_css_class": null,
  "author_flair_richtext": [],
  "gildings": {},
  "content_categories": null,
  "is_self": true,
  "mod_note": null,
  "created": 1657715668,
  "link_flair_type": "text",
  "wls": 6,
  "removed_by_category": null,
  "banned_by": null,
  "author_flair_type": "text",
  "domain": "self.investing",
  "allow_live_comments": true,
  "selftext_html": "&lt;!-- SC_OFF --&gt;&lt;div class=\"md\"&gt;&lt;p&gt;&amp;#x200B;&lt;/p&gt;\n\n&lt;p&gt;&lt;a href=\"https://www.cnbc.com/2022/07/13/inflation-rose-9point1percent-in-june-even-more-than-expected-as-price-pressures-intensify.html\"&gt;https://www.cnbc.com/2022/07/13/inflation-rose-9point1percent-in-june-even-more-than-expected-as-price-pressures-intensify.html&lt;/a&gt;&lt;/p&gt;\n\n&lt;p&gt;The consumer price index for June was expected to rise 8.8% from a year ago, according to Dow Jones estimates. &lt;/p&gt;\n\n&lt;p&gt;Shoppers paid sharply higher prices for a variety of goods in June as  inflation kept its hold on a slowing U.S. economy, the Bureau of Labor  Statistics reported Wednesday.&lt;/p&gt;\n\n&lt;p&gt;The consumer price index, a broad  measure of everyday goods and services, soared 9.1% from a year ago,  above the 8.8% Dow Jones estimate. That marked another month of the  fastest pace for inflation going back to December 1981.&lt;/p&gt;\n\n&lt;p&gt;Excluding volatile food and energy prices, so-called core CPI increased 5.9%, compared to the 5.5% estimate.&lt;/p&gt;\n\n&lt;p&gt;On a monthly basis, headline CPI rose 1.3% and core CPI was up 0.7%, compared to respective estimates of 1.1% and 0.5%.&lt;/p&gt;\n&lt;/div&gt;&lt;!-- SC_ON --&gt;",
  "likes": null,
  "suggested_sort": null,
  "banned_at_utc": null,
  "view_count": null,
  "archived": false,
  "no_follow": false,
  "is_crosspostable": false,
  "pinned": false,
  "over_18": false,
  "awarders": [],
  "media_only": false,
  "can_gild": false,
  "spoiler": false,
  "locked": false,
  "author_flair_text": null,
  "treatment_tags": [],
  "visited": false,
  "removed_by": null,
  "num_reports": null,
  "distinguished": null,
  "subreddit_id": "t5_2qhhq",
  "author_is_blocked": false,
  "mod_reason_by": null,
  "removal_reason": null,
  "link_flair_background_color": "",
  "id": "vy25lq",
  "is_robot_indexable": true,
  "report_reasons": null,
  "author": "AptitudeSky",
  "discussion_type": null,
  "num_comments": 153,
  "send_replies": true,
  "whitelist_status": "all_ads",
  "contest_mode": false,
  "mod_reports": [],
  "author_patreon_flair": false,
  "author_flair_text_color": null,
  "permalink": "/r/investing/comments/vy25lq/inflation_rose_91_in_june_even_more_than_expected/",
  "parent_whitelist_status": "all_ads",
  "stickied": false,
  "url": "https://www.reddit.com/r/investing/comments/vy25lq/inflation_rose_91_in_june_even_more_than_expected/",
  "subreddit_subscribers": 2042336,
  "created_utc": 1657719407,
  "num_crossposts": 0,
  "media": null,
  "is_video": false,
  "original_created_utc": 1657715668,
  "the_new_excerpt": "https://www.cnbc.com/2022/07/13/inflation-rose-9point1percent-in-june-even-more-than-expected-as-price-pressures-intensify.html\n\nThe consumer price index for June was expected to rise 8.8% from a year ago,\naccording to Dow Jones estimates.\n\nShoppers paid sharply higher prices for a variety of goodsâ€¦"
}