{
  "author": "sery0401",
  "original_created_utc": 1651159265,
  "title": "GameStop NFT Market Coming Sooner than Expected! (LRC Bullish)",
  "created_utc": 1651225781,
  "selftext_html": null,
  "score": 304,
  "preview": {
    "images": [
      {
        "source": {
          "url": "https://external-preview.redd.it/Aivfo5Des8rfV5I2jgHqm2nDL7H0dgUd4pa7QS7pKrM.jpg?auto=webp&amp;s=e34ac1f02295513697d0237a070dda43929b16f2",
          "width": 1118,
          "height": 587
        },
        "resolutions": [
          {
            "url": "https://external-preview.redd.it/Aivfo5Des8rfV5I2jgHqm2nDL7H0dgUd4pa7QS7pKrM.jpg?width=108&amp;crop=smart&amp;auto=webp&amp;s=49ad45d1ac8b8c5d181fcc23c71866b151aaa34d",
            "width": 108,
            "height": 56
          },
          {
            "url": "https://external-preview.redd.it/Aivfo5Des8rfV5I2jgHqm2nDL7H0dgUd4pa7QS7pKrM.jpg?width=216&amp;crop=smart&amp;auto=webp&amp;s=f8b0baa616772a4dbae62b9290dceff2c865aa0a",
            "width": 216,
            "height": 113
          },
          {
            "url": "https://external-preview.redd.it/Aivfo5Des8rfV5I2jgHqm2nDL7H0dgUd4pa7QS7pKrM.jpg?width=320&amp;crop=smart&amp;auto=webp&amp;s=f9697459fba4cf8f4dae7f0df69dc172cd6957ec",
            "width": 320,
            "height": 168
          },
          {
            "url": "https://external-preview.redd.it/Aivfo5Des8rfV5I2jgHqm2nDL7H0dgUd4pa7QS7pKrM.jpg?width=640&amp;crop=smart&amp;auto=webp&amp;s=89d0e63b7e748d11fe51f9bc0ef37fcc8cd75cda",
            "width": 640,
            "height": 336
          },
          {
            "url": "https://external-preview.redd.it/Aivfo5Des8rfV5I2jgHqm2nDL7H0dgUd4pa7QS7pKrM.jpg?width=960&amp;crop=smart&amp;auto=webp&amp;s=05ede56d35436f43621ebe1241aae1f08ac9e7a1",
            "width": 960,
            "height": 504
          },
          {
            "url": "https://external-preview.redd.it/Aivfo5Des8rfV5I2jgHqm2nDL7H0dgUd4pa7QS7pKrM.jpg?width=1080&amp;crop=smart&amp;auto=webp&amp;s=6857214524c61d149919b58ebe1c1aa6f01dff09",
            "width": 1080,
            "height": 567
          }
        ],
        "variants": {},
        "id": "Ym4iD5kkcBRgR-9lkd91wxtUpW6x5s4FVIjdZ45H00Y"
      }
    ],
    "enabled": false
  },
  "permalink": "/r/CryptoCurrency/comments/udxh1e/gamestop_nft_market_coming_sooner_than_expected/",
  "subreddit": "CryptoCurrency",
  "id": "udxh1e",
  "is_self": false,
  "media": null,
  "is_video": false,
  "sensitive": false,
  "the_new_excerpt": "",
  "localize": [
    {
      "locale": "ja",
      "title": "GameStop NFT Marketが予想より早く登場! (LRC強気)"
    },
    {
      "locale": "zh",
      "title": "GameStop NFT市场比预期的要快! (LRC看涨)"
    },
    {
      "locale": "zh-Hant",
      "title": "GameStop NFT市場比預期的要快! (LRC看漲)"
    }
  ]
}