{
  "approved_at_utc": null,
  "subreddit": "stocks",
  "selftext": " \n\nNetflix shares jumped 6% after the company said it lost fewer subscribers than anticipated during the second quarter.\n\nThe company had warned investors last quarter that it expected to shed around 2 million, but only lost around 970,000 during the three month period ending June 30.\n\nHere are the results:\n\n* **EPS:** $3.20 vs $2.94 per share, according to Refinitiv.\n* **Revenue:** $7.97 billion, vs. $8.035 billion, according to Refinitiv survey.\n* **Global paid net subscribers:** A loss of 970,000 subscribers vs. expectations of a loss of 2 million, according to StreetAccount estimates.\n\nThe company told shareholders that it expects net adds to reach 1 million in the third quarter, reversing some losses seen during the first half of the year.\n\n&amp;#x200B;\n\n[(source)](https://www.cnbc.com/2022/07/19/netflix-nflx-earnings-q2-2022.html)\n\n&amp;#x200B;\n\n[(link to Netflix letter to shareholder for q2 2022)](https://ir.netflix.net/files/doc_financials/2022/q2/FINAL-Q2-22-Shareholder-Letter.pdf)",
  "author_fullname": "t2_bl6rkhwx",
  "saved": false,
  "mod_reason_title": null,
  "gilded": 0,
  "clicked": false,
  "title": "Netflix q2 2022 earnings - better then expected",
  "link_flair_richtext": [],
  "subreddit_name_prefixed": "r/stocks",
  "hidden": false,
  "pwls": 6,
  "link_flair_css_class": "tickernews",
  "downs": 0,
  "top_awarded_type": null,
  "hide_score": true,
  "name": "t3_w32029",
  "quarantine": false,
  "link_flair_text_color": "dark",
  "upvote_ratio": 0.86,
  "author_flair_background_color": null,
  "subreddit_type": "public",
  "ups": 178,
  "total_awards_received": 0,
  "media_embed": {},
  "author_flair_template_id": null,
  "is_original_content": false,
  "user_reports": [],
  "secure_media": null,
  "is_reddit_media_domain": false,
  "is_meta": false,
  "category": null,
  "secure_media_embed": {},
  "link_flair_text": "Company News",
  "can_mod_post": false,
  "score": 178,
  "approved_by": null,
  "is_created_from_ads_ui": false,
  "author_premium": false,
  "thumbnail": "",
  "edited": 1658261597,
  "author_flair_css_class": null,
  "author_flair_richtext": [],
  "gildings": {},
  "content_categories": null,
  "is_self": true,
  "mod_note": null,
  "created": 1658260960,
  "link_flair_type": "text",
  "wls": 6,
  "removed_by_category": null,
  "banned_by": null,
  "author_flair_type": "text",
  "domain": "self.stocks",
  "allow_live_comments": false,
  "selftext_html": "&lt;!-- SC_OFF --&gt;&lt;div class=\"md\"&gt;&lt;p&gt;Netflix shares jumped 6% after the company said it lost fewer subscribers than anticipated during the second quarter.&lt;/p&gt;\n\n&lt;p&gt;The company had warned investors last quarter that it expected to shed around 2 million, but only lost around 970,000 during the three month period ending June 30.&lt;/p&gt;\n\n&lt;p&gt;Here are the results:&lt;/p&gt;\n\n&lt;ul&gt;\n&lt;li&gt;&lt;strong&gt;EPS:&lt;/strong&gt; $3.20 vs $2.94 per share, according to Refinitiv.&lt;/li&gt;\n&lt;li&gt;&lt;strong&gt;Revenue:&lt;/strong&gt; $7.97 billion, vs. $8.035 billion, according to Refinitiv survey.&lt;/li&gt;\n&lt;li&gt;&lt;strong&gt;Global paid net subscribers:&lt;/strong&gt; A loss of 970,000 subscribers vs. expectations of a loss of 2 million, according to StreetAccount estimates.&lt;/li&gt;\n&lt;/ul&gt;\n\n&lt;p&gt;The company told shareholders that it expects net adds to reach 1 million in the third quarter, reversing some losses seen during the first half of the year.&lt;/p&gt;\n\n&lt;p&gt;&amp;#x200B;&lt;/p&gt;\n\n&lt;p&gt;&lt;a href=\"https://www.cnbc.com/2022/07/19/netflix-nflx-earnings-q2-2022.html\"&gt;(source)&lt;/a&gt;&lt;/p&gt;\n\n&lt;p&gt;&amp;#x200B;&lt;/p&gt;\n\n&lt;p&gt;&lt;a href=\"https://ir.netflix.net/files/doc_financials/2022/q2/FINAL-Q2-22-Shareholder-Letter.pdf\"&gt;(link to Netflix letter to shareholder for q2 2022)&lt;/a&gt;&lt;/p&gt;\n&lt;/div&gt;&lt;!-- SC_ON --&gt;",
  "likes": null,
  "suggested_sort": "confidence",
  "banned_at_utc": null,
  "view_count": null,
  "archived": false,
  "no_follow": false,
  "is_crosspostable": false,
  "pinned": false,
  "over_18": false,
  "awarders": [],
  "media_only": false,
  "link_flair_template_id": "5a4c814a-65e6-11e5-b65e-122ab0778f8b",
  "can_gild": false,
  "spoiler": false,
  "locked": false,
  "author_flair_text": null,
  "treatment_tags": [],
  "visited": false,
  "removed_by": null,
  "num_reports": null,
  "distinguished": null,
  "subreddit_id": "t5_2qjfk",
  "author_is_blocked": false,
  "mod_reason_by": null,
  "removal_reason": null,
  "link_flair_background_color": "#f9cc80",
  "id": "w32029",
  "is_robot_indexable": true,
  "report_reasons": null,
  "author": "ThisIsExxciting",
  "discussion_type": null,
  "num_comments": 58,
  "send_replies": true,
  "whitelist_status": "all_ads",
  "contest_mode": false,
  "mod_reports": [],
  "author_patreon_flair": false,
  "author_flair_text_color": null,
  "permalink": "/r/stocks/comments/w32029/netflix_q2_2022_earnings_better_then_expected/",
  "parent_whitelist_status": "all_ads",
  "stickied": false,
  "url": "https://www.reddit.com/r/stocks/comments/w32029/netflix_q2_2022_earnings_better_then_expected/",
  "subreddit_subscribers": 4318565,
  "created_utc": 1658267977,
  "num_crossposts": 0,
  "media": null,
  "is_video": false,
  "original_created_utc": 1658260960,
  "the_new_excerpt": "Netflix shares jumped 6% after the company said it lost fewer subscribers than\nanticipated during the second quarter.\n\nThe company had warned investors last quarter that it expected to shed around 2\nmillion, but only lost around 970,000 during the three month period ending June\n30.\n\nHere are the…",
  "localize": [
    {
      "locale": "ja",
      "the_new_excerpt": "Netflixの株価は、同社が加入者数の減少を下回ったと発表した後、6％上昇した。\n同社は、第2四半期に加入者数の減少が予想より少なかったと発表し、株価は6％上昇した。\n\n同社は前四半期、約200万人の加入者が減少する見込みであると投資家に警告していた。\nの減少を見込んでいたが、6月までの3ヶ月間で97万人の減少にとどまった。\n30.\n\n以下は、その内容です。",
      "title": "Netflix 2022年第2四半期決算 - 予想より良好。"
    },
    {
      "locale": "zh",
      "the_new_excerpt": "Netflix股价跳涨6%，此前该公司称其失去的用户少于\n该公司表示，第二季度失去的用户少于预期。\n\n该公司上季度曾警告投资者，它预计将减少约200万用户。\n万人，但在截至6月30日的三个月期间仅损失了约97万人。\n30.\n\n这里是...",
      "title": "Netflix 2022年第二季度盈利--好于预期"
    },
    {
      "locale": "zh-Hant",
      "the_new_excerpt": "Netflix股價跳漲6%，此前該公司稱其失去的用戶少於\n該公司表示，第二季度失去的用戶少於預期。\n\n該公司上季度曾警告投資者，它預計將減少約200萬用戶。\n萬人，但在截至6月30日的三個月期間僅損失了約97萬人。\n30.\n\n這裏是...",
      "title": "Netflix 2022年第二季度盈利--好於預期"
    }
  ],
  "source_updated_at": 1658483137369
}