{
  "approved_at_utc": null,
  "subreddit": "stocks",
  "selftext": ">Job growth leaped higher in June as businesses looked to keep up with a rapidly recovering U.S. economy, the Labor Department reported Friday.  \n>  \n>Nonfarm payrolls increased 850,000 for the month, compared to the Dow Jones estimate of 706,000 and better than the upwardly revised 583,000 in May. The unemployment rate, however, rose to 5.9% against the 5.6% expectation.\n\n**How do you think this will affect the market?**\n\nFull source: [https://www.cnbc.com/2021/07/02/jobs-report-june-2021.html](https://www.cnbc.com/2021/07/02/jobs-report-june-2021.html)",
  "author_fullname": "t2_b1980s3e",
  "saved": false,
  "mod_reason_title": null,
  "gilded": 0,
  "clicked": false,
  "title": "U.S. adds 850,000 jobs in June, better than expected",
  "link_flair_richtext": [],
  "subreddit_name_prefixed": "r/stocks",
  "hidden": false,
  "pwls": 6,
  "link_flair_css_class": null,
  "downs": 0,
  "top_awarded_type": null,
  "hide_score": false,
  "name": "t3_oc9o4j",
  "quarantine": false,
  "link_flair_text_color": "dark",
  "upvote_ratio": 0.91,
  "author_flair_background_color": null,
  "subreddit_type": "public",
  "ups": 1587,
  "total_awards_received": 0,
  "media_embed": {},
  "author_flair_template_id": null,
  "is_original_content": false,
  "user_reports": [],
  "secure_media": null,
  "is_reddit_media_domain": false,
  "is_meta": false,
  "category": null,
  "secure_media_embed": {},
  "link_flair_text": null,
  "can_mod_post": false,
  "score": 1587,
  "approved_by": null,
  "is_created_from_ads_ui": false,
  "author_premium": false,
  "thumbnail": "",
  "edited": false,
  "author_flair_css_class": null,
  "author_flair_richtext": [],
  "gildings": {},
  "content_categories": null,
  "is_self": true,
  "mod_note": null,
  "created": 1625259846,
  "link_flair_type": "text",
  "wls": 6,
  "removed_by_category": null,
  "banned_by": null,
  "author_flair_type": "text",
  "domain": "self.stocks",
  "allow_live_comments": false,
  "selftext_html": "<!-- SC_OFF --><div class=\"md\"><blockquote>\n<p>Job growth leaped higher in June as businesses looked to keep up with a rapidly recovering U.S. economy, the Labor Department reported Friday.  </p>\n\n<p>Nonfarm payrolls increased 850,000 for the month, compared to the Dow Jones estimate of 706,000 and better than the upwardly revised 583,000 in May. The unemployment rate, however, rose to 5.9% against the 5.6% expectation.</p>\n</blockquote>\n\n<p><strong>How do you think this will affect the market?</strong></p>\n\n<p>Full source: <a href=\"https://www.cnbc.com/2021/07/02/jobs-report-june-2021.html\">https://www.cnbc.com/2021/07/02/jobs-report-june-2021.html</a></p>\n</div><!-- SC_ON -->",
  "likes": null,
  "suggested_sort": null,
  "banned_at_utc": null,
  "view_count": null,
  "archived": false,
  "no_follow": false,
  "is_crosspostable": false,
  "pinned": false,
  "over_18": false,
  "awarders": [],
  "media_only": false,
  "can_gild": false,
  "spoiler": false,
  "locked": false,
  "author_flair_text": null,
  "treatment_tags": [],
  "visited": false,
  "removed_by": null,
  "num_reports": null,
  "distinguished": null,
  "subreddit_id": "t5_2qjfk",
  "mod_reason_by": null,
  "removal_reason": null,
  "link_flair_background_color": "",
  "id": "oc9o4j",
  "is_robot_indexable": true,
  "report_reasons": null,
  "author": "greenfish00",
  "discussion_type": null,
  "num_comments": 10,
  "send_replies": true,
  "whitelist_status": "all_ads",
  "contest_mode": false,
  "mod_reports": [],
  "author_patreon_flair": false,
  "author_flair_text_color": null,
  "permalink": "/r/stocks/comments/oc9o4j/us_adds_850000_jobs_in_june_better_than_expected/",
  "parent_whitelist_status": "all_ads",
  "stickied": false,
  "url": "https://www.reddit.com/r/stocks/comments/oc9o4j/us_adds_850000_jobs_in_june_better_than_expected/",
  "subreddit_subscribers": 2857617,
  "created_utc": 1625238873,
  "num_crossposts": 0,
  "media": null,
  "is_video": false,
  "original_created_utc": 1625231046,
  "the_new_excerpt": "> Job growth leaped higher in June as businesses looked to keep up with a\n> rapidly recovering U.S. economy, the Labor Department reported Friday.\n> \n> Nonfarm payrolls increased 850,000 for the month, compared to the Dow Jones\n> estimate of 706,000 and better than the upwardly revised 583,000 in…",
  "localize": [
    {
      "locale": "ja",
      "the_new_excerpt": "> 米国労働省が発表した6月の雇用統計によると、急速に回復している米国経済に対応するため、雇用者数は増加しました。\n> 急速に回復している米国経済に企業がついていくために、6月の雇用者数が増加した。\n> \n> 非農業部門の雇用者数は85万人で、これはダウ・ジョーンズの予測値70万6千人を上回り\n> 非農業部門の雇用者数は85万人増加し、ダウ・ジョーンズ予想の70万6千人を上回り、上方修正された58万3千人を上回りました。",
      "title": "米国の6月の雇用者数は85万人で、予想を上回る。"
    },
    {
      "locale": "zh",
      "the_new_excerpt": "> 由于企业希望跟上美国经济快速复苏的步伐，6月份的就业增长跃升。\n> 劳工部周五报告说，由于企业希望跟上美国经济迅速复苏的步伐，6月份的就业增长跃升。\n> \n> 6月份非农就业人数增加85万，道琼斯指数为70.6万，好于上调后的58.3万。\n> 估计为70.6万，好于上调后的58.3万。",
      "title": "美国6月新增85万个工作岗位，好于预期"
    },
    {
      "locale": "zh-Hant",
      "the_new_excerpt": "> 由於企業希望跟上美國經濟快速復甦的步伐，6月份的就業增長躍升。\n> 勞工部週五報告說，由於企業希望跟上美國經濟迅速復甦的步伐，6月份的就業增長躍升。\n> \n> 6月份非農就業人數增加85萬，道瓊斯指數爲70.6萬，好於上調後的58.3萬。\n> 估計爲70.6萬，好於上調後的58.3萬。",
      "title": "美國6月新增85萬個工作崗位，好於預期"
    }
  ],
  "source_updated_at": 1625823778030
}