{
  "approved_at_utc": null,
  "subreddit": "stocks",
  "selftext": "https://www.fxstreet.com/news/us-chicago-pmi-rises-to-603-in-may-versus-expected-drop-to-55-from-564-in-april-202205311349\n\nAccording to the latest release by ISM-Chicago, Inc, the Chicago PMI rose to 60.3 in May versus an expected drop to 55 from 56.4 in April. The latest numbers are in fitting with a gradually slowing, but still robust pace of growth in the US midway through the second quarter of 2022.",
  "author_fullname": "t2_4feh4",
  "saved": false,
  "mod_reason_title": null,
  "gilded": 0,
  "clicked": false,
  "title": "Chicago PMI rises to 60.3 in May versus expected drop to 55 from 56.4 in April",
  "link_flair_richtext": [],
  "subreddit_name_prefixed": "r/stocks",
  "hidden": false,
  "pwls": 6,
  "link_flair_css_class": "news",
  "downs": 0,
  "top_awarded_type": null,
  "hide_score": false,
  "name": "t3_v1qwlg",
  "quarantine": false,
  "link_flair_text_color": "dark",
  "upvote_ratio": 0.89,
  "author_flair_background_color": null,
  "subreddit_type": "public",
  "ups": 69,
  "total_awards_received": 0,
  "media_embed": {},
  "author_flair_template_id": null,
  "is_original_content": false,
  "user_reports": [],
  "secure_media": null,
  "is_reddit_media_domain": false,
  "is_meta": false,
  "category": null,
  "secure_media_embed": {},
  "link_flair_text": "Industry News",
  "can_mod_post": false,
  "score": 69,
  "approved_by": null,
  "is_created_from_ads_ui": false,
  "author_premium": false,
  "thumbnail": "",
  "edited": false,
  "author_flair_css_class": null,
  "author_flair_richtext": [],
  "gildings": {},
  "content_categories": null,
  "is_self": true,
  "mod_note": null,
  "created": 1654005528,
  "link_flair_type": "text",
  "wls": 6,
  "removed_by_category": null,
  "banned_by": null,
  "author_flair_type": "text",
  "domain": "self.stocks",
  "allow_live_comments": false,
  "selftext_html": "&lt;!-- SC_OFF --&gt;&lt;div class=\"md\"&gt;&lt;p&gt;&lt;a href=\"https://www.fxstreet.com/news/us-chicago-pmi-rises-to-603-in-may-versus-expected-drop-to-55-from-564-in-april-202205311349\"&gt;https://www.fxstreet.com/news/us-chicago-pmi-rises-to-603-in-may-versus-expected-drop-to-55-from-564-in-april-202205311349&lt;/a&gt;&lt;/p&gt;\n\n&lt;p&gt;According to the latest release by ISM-Chicago, Inc, the Chicago PMI rose to 60.3 in May versus an expected drop to 55 from 56.4 in April. The latest numbers are in fitting with a gradually slowing, but still robust pace of growth in the US midway through the second quarter of 2022.&lt;/p&gt;\n&lt;/div&gt;&lt;!-- SC_ON --&gt;",
  "likes": null,
  "suggested_sort": "confidence",
  "banned_at_utc": null,
  "view_count": null,
  "archived": false,
  "no_follow": false,
  "is_crosspostable": false,
  "pinned": false,
  "over_18": false,
  "awarders": [],
  "media_only": false,
  "link_flair_template_id": "866eb162-65e6-11e5-a903-1252b640afe9",
  "can_gild": false,
  "spoiler": false,
  "locked": false,
  "author_flair_text": null,
  "treatment_tags": [],
  "visited": false,
  "removed_by": null,
  "num_reports": null,
  "distinguished": null,
  "subreddit_id": "t5_2qjfk",
  "author_is_blocked": false,
  "mod_reason_by": null,
  "removal_reason": null,
  "link_flair_background_color": "#80adf9",
  "id": "v1qwlg",
  "is_robot_indexable": true,
  "report_reasons": null,
  "author": "eaglessoar",
  "discussion_type": null,
  "num_comments": 13,
  "send_replies": false,
  "whitelist_status": "all_ads",
  "contest_mode": false,
  "mod_reports": [],
  "author_patreon_flair": false,
  "author_flair_text_color": null,
  "permalink": "/r/stocks/comments/v1qwlg/chicago_pmi_rises_to_603_in_may_versus_expected/",
  "parent_whitelist_status": "all_ads",
  "stickied": false,
  "url": "https://www.reddit.com/r/stocks/comments/v1qwlg/chicago_pmi_rises_to_603_in_may_versus_expected/",
  "subreddit_subscribers": 4117605,
  "created_utc": 1654033553,
  "num_crossposts": 0,
  "media": null,
  "is_video": false,
  "original_created_utc": 1654005528,
  "the_new_excerpt": "https://www.fxstreet.com/news/us-chicago-pmi-rises-to-603-in-may-versus-expected-drop-to-55-from-564-in-april-202205311349\n\nAccording to the latest release by ISM-Chicago, Inc, the Chicago PMI rose to\n60.3 in May versus an expected drop to 55 from 56.4 in April. The latest numbers\nare in fitting…",
  "localize": [
    {
      "locale": "ja",
      "the_new_excerpt": "https://www.fxstreet.com/news/us-chicago-pmi-rises-to-603-in-may-versus-expected-drop-to-55-from-564-in-april-202205311349\n\nISM-シカゴ社による最新の発表によると、5月のシカゴPMIは、4月の56.4から55に低下するとの予想に対し、60.3に上昇した。\n予想では4月の56.4から55に低下したのに対し、5月は60.3に上昇しました。最新の数値は\nはフィッティングで...",
      "title": "5月のシカゴPMIは60.3に上昇、4月の56.4から55に低下との予想に対して"
    },
    {
      "locale": "zh",
      "the_new_excerpt": "https://www.fxstreet.com/news/us-chicago-pmi-rises-to-603-in-may-versus-expected-drop-to-55-from-564-in-april-202205311349\n\n根据ISM-芝加哥公司的最新发布，5月份芝加哥PMI上升至\n60.3，而预期从4月份的56.4下降到55。最新的数字\n是适合...",
      "title": "5月芝加哥PMI升至60.3，而预期从4月的56.4降至55"
    },
    {
      "locale": "zh-Hant",
      "the_new_excerpt": "https://www.fxstreet.com/news/us-chicago-pmi-rises-to-603-in-may-versus-expected-drop-to-55-from-564-in-april-202205311349\n\n根據ISM-芝加哥公司的最新發布，5月份芝加哥PMI上升至\n60.3，而預期從4月份的56.4下降到55。最新的數字\n是適合...",
      "title": "5月芝加哥PMI升至60.3，而預期從4月的56.4降至55"
    }
  ],
  "source_updated_at": 1654249412811
}